ggml_opencl: selected platform: 'QUALCOMM Snapdragon(TM)'

ggml_opencl: device: 'QUALCOMM Adreno(TM) (OpenCL 3.0 Adreno(TM) 740)'
ggml_opencl: OpenCL driver: OpenCL 3.0 QUALCOMM build: 0676.76.1 Compiler E031.41.03.64
ggml_opencl: vector subgroup broadcast support: false
ggml_opencl: device FP16 support: true
ggml_opencl: mem base addr align: 128
ggml_opencl: max mem alloc size: 1024 MB
ggml_opencl: device max image buffer size (pixels): 134217728
ggml_opencl: device max image2d size: 16384 x 16384
ggml_opencl: device max workgroup size: 1024
ggml_opencl: SVM coarse grain buffer support: true
ggml_opencl: SVM fine grain buffer support: true
ggml_opencl: SVM fine grain system support: false
ggml_opencl: SVM atomics support: true
ggml_opencl: flattening quantized weights representation as struct of arrays (GGML_OPENCL_SOA_Q)
ggml_opencl: using kernels optimized for Adreno (GGML_OPENCL_USE_ADRENO_KERNELS)
ggml_opencl: loading OpenCL kernels.............................................................................................................................
ggml_opencl: default device: 'QUALCOMM Adreno(TM) (OpenCL 3.0 Adreno(TM) 740)'
ggml_backend_load_all_from_path: no Adreno GPU detected (-2); skipping OpenCL, relying on Vulkan/CPU
whisper_init_from_file_with_params_no_state: loading model from 'ggml-small-q8_0.bin'
whisper_init_with_params_no_state: use gpu    = 0
whisper_init_with_params_no_state: flash attn = 1
whisper_init_with_params_no_state: gpu_device = 0
whisper_init_with_params_no_state: dtw        = 0
whisper_init_with_params_no_state: devices    = 2
whisper_init_with_params_no_state: backends   = 2
whisper_model_load: loading model
whisper_model_load: n_vocab       = 51865
whisper_model_load: n_audio_ctx   = 1500
whisper_model_load: n_audio_state = 768
whisper_model_load: n_audio_head  = 12
whisper_model_load: n_audio_layer = 12
whisper_model_load: n_text_ctx    = 448
whisper_model_load: n_text_state  = 768
whisper_model_load: n_text_head   = 12
whisper_model_load: n_text_layer  = 12
whisper_model_load: n_mels        = 80
whisper_model_load: ftype         = 7
whisper_model_load: qntvr         = 2
whisper_model_load: type          = 3 (small)
whisper_model_load: adding 1608 extra tokens
whisper_model_load: n_langs       = 99
whisper_model_load:          CPU total size =    53.30 MB
whisper_model_load:   CPU_REPACK total size =   210.57 MB
repack: repack tensor  with q8_0_4x8
repack: repack tensor  with q8_0_4x8
repack: repack tensor  with q8_0_4x8
repack: repack tensor  with q8_0_4x8
repack: repack tensor  with q8_0_4x8
repack: repack tensor  with q8_0_4x8
repack: repack tensor  with q8_0_4x8
repack: repack tensor  with q8_0_4x8
repack: repack tensor  with q8_0_4x8
repack: repack tensor  with q8_0_4x8
repack: repack tensor  with q8_0_4x8
repack: repack tensor  with q8_0_4x8
repack: repack tensor  with q8_0_4x8
repack: repack tensor  with q8_0_4x8
repack: repack tensor  with q8_0_4x8
repack: repack tensor  with q8_0_4x8
repack: repack tensor  with q8_0_4x8
repack: repack tensor  with q8_0_4x8
repack: repack tensor  with q8_0_4x8
repack: repack tensor  with q8_0_4x8
repack: repack tensor  with q8_0_4x8
repack: repack tensor  with q8_0_4x8
repack: repack tensor  with q8_0_4x8
repack: repack tensor  with q8_0_4x8
repack: repack tensor  with q8_0_4x8
repack: repack tensor  with q8_0_4x8
repack: repack tensor  with q8_0_4x8
repack: repack tensor  with q8_0_4x8
repack: repack tensor  with q8_0_4x8
repack: repack tensor  with q8_0_4x8
repack: repack tensor  with q8_0_4x8
repack: repack tensor  with q8_0_4x8
repack: repack tensor  with q8_0_4x8
repack: repack tensor  with q8_0_4x8
repack: repack tensor  with q8_0_4x8
repack: repack tensor  with q8_0_4x8
repack: repack tensor  with q8_0_4x8
repack: repack tensor  with q8_0_4x8
repack: repack tensor  with q8_0_4x8
repack: repack tensor  with q8_0_4x8
repack: repack tensor  with q8_0_4x8
repack: repack tensor  with q8_0_4x8
repack: repack tensor  with q8_0_4x8
repack: repack tensor  with q8_0_4x8
repack: repack tensor  with q8_0_4x8
repack: repack tensor  with q8_0_4x8
repack: repack tensor  with q8_0_4x8
repack: repack tensor  with q8_0_4x8
repack: repack tensor  with q8_0_4x8
repack: repack tensor  with q8_0_4x8
repack: repack tensor  with q8_0_4x8
repack: repack tensor  with q8_0_4x8
repack: repack tensor  with q8_0_4x8
repack: repack tensor  with q8_0_4x8
repack: repack tensor  with q8_0_4x8
repack: repack tensor  with q8_0_4x8
repack: repack tensor  with q8_0_4x8
repack: repack tensor  with q8_0_4x8
repack: repack tensor  with q8_0_4x8
repack: repack tensor  with q8_0_4x8
repack: repack tensor  with q8_0_4x8
repack: repack tensor  with q8_0_4x8
repack: repack tensor  with q8_0_4x8
repack: repack tensor  with q8_0_4x8
repack: repack tensor  with q8_0_4x8
repack: repack tensor  with q8_0_4x8
repack: repack tensor  with q8_0_4x8
repack: repack tensor  with q8_0_4x8
repack: repack tensor  with q8_0_4x8
repack: repack tensor  with q8_0_4x8
repack: repack tensor  with q8_0_4x8
repack: repack tensor  with q8_0_4x8
repack: repack tensor  with q8_0_4x8
repack: repack tensor  with q8_0_4x8
repack: repack tensor  with q8_0_4x8
repack: repack tensor  with q8_0_4x8
repack: repack tensor  with q8_0_4x8
repack: repack tensor  with q8_0_4x8
repack: repack tensor  with q8_0_4x8
repack: repack tensor  with q8_0_4x8
repack: repack tensor  with q8_0_4x8
repack: repack tensor  with q8_0_4x8
repack: repack tensor  with q8_0_4x8
repack: repack tensor  with q8_0_4x8
repack: repack tensor  with q8_0_4x8
repack: repack tensor  with q8_0_4x8
repack: repack tensor  with q8_0_4x8
repack: repack tensor  with q8_0_4x8
repack: repack tensor  with q8_0_4x8
repack: repack tensor  with q8_0_4x8
repack: repack tensor  with q8_0_4x8
repack: repack tensor  with q8_0_4x8
repack: repack tensor  with q8_0_4x8
repack: repack tensor  with q8_0_4x8
repack: repack tensor  with q8_0_4x8
repack: repack tensor  with q8_0_4x8
repack: repack tensor  with q8_0_4x8
repack: repack tensor  with q8_0_4x8
repack: repack tensor  with q8_0_4x8
repack: repack tensor  with q8_0_4x8
repack: repack tensor  with q8_0_4x8
repack: repack tensor  with q8_0_4x8
repack: repack tensor  with q8_0_4x8
repack: repack tensor  with q8_0_4x8
repack: repack tensor  with q8_0_4x8
repack: repack tensor  with q8_0_4x8
repack: repack tensor  with q8_0_4x8
repack: repack tensor  with q8_0_4x8
repack: repack tensor  with q8_0_4x8
repack: repack tensor  with q8_0_4x8
repack: repack tensor  with q8_0_4x8
repack: repack tensor  with q8_0_4x8
repack: repack tensor  with q8_0_4x8
repack: repack tensor  with q8_0_4x8
repack: repack tensor  with q8_0_4x8
repack: repack tensor  with q8_0_4x8
repack: repack tensor  with q8_0_4x8
repack: repack tensor  with q8_0_4x8
repack: repack tensor  with q8_0_4x8
repack: repack tensor  with q8_0_4x8
repack: repack tensor  with q8_0_4x8
repack: repack tensor  with q8_0_4x8
repack: repack tensor  with q8_0_4x8
repack: repack tensor  with q8_0_4x8
repack: repack tensor  with q8_0_4x8
repack: repack tensor  with q8_0_4x8
repack: repack tensor  with q8_0_4x8
repack: repack tensor  with q8_0_4x8
repack: repack tensor  with q8_0_4x8
repack: repack tensor  with q8_0_4x8
repack: repack tensor  with q8_0_4x8
repack: repack tensor  with q8_0_4x8
repack: repack tensor  with q8_0_4x8
repack: repack tensor  with q8_0_4x8
repack: repack tensor  with q8_0_4x8
repack: repack tensor  with q8_0_4x8
repack: repack tensor  with q8_0_4x8
repack: repack tensor  with q8_0_4x8
repack: repack tensor  with q8_0_4x8
repack: repack tensor  with q8_0_4x8
repack: repack tensor  with q8_0_4x8
repack: repack tensor  with q8_0_4x8
repack: repack tensor  with q8_0_4x8
repack: repack tensor  with q8_0_4x8
repack: repack tensor  with q8_0_4x8
repack: repack tensor  with q8_0_4x8
repack: repack tensor  with q8_0_4x8
repack: repack tensor  with q8_0_4x8
repack: repack tensor  with q8_0_4x8
repack: repack tensor  with q8_0_4x8
repack: repack tensor  with q8_0_4x8
repack: repack tensor  with q8_0_4x8
repack: repack tensor  with q8_0_4x8
repack: repack tensor  with q8_0_4x8
repack: repack tensor  with q8_0_4x8
repack: repack tensor  with q8_0_4x8
repack: repack tensor  with q8_0_4x8
repack: repack tensor  with q8_0_4x8
repack: repack tensor  with q8_0_4x8
repack: repack tensor  with q8_0_4x8
repack: repack tensor  with q8_0_4x8
repack: repack tensor  with q8_0_4x8
repack: repack tensor  with q8_0_4x8
repack: repack tensor  with q8_0_4x8
repack: repack tensor  with q8_0_4x8
repack: repack tensor  with q8_0_4x8
repack: repack tensor  with q8_0_4x8
repack: repack tensor  with q8_0_4x8
repack: repack tensor  with q8_0_4x8
repack: repack tensor  with q8_0_4x8
repack: repack tensor  with q8_0_4x8
repack: repack tensor  with q8_0_4x8
repack: repack tensor  with q8_0_4x8
repack: repack tensor  with q8_0_4x8
repack: repack tensor  with q8_0_4x8
repack: repack tensor  with q8_0_4x8
repack: repack tensor  with q8_0_4x8
repack: repack tensor  with q8_0_4x8
repack: repack tensor  with q8_0_4x8
repack: repack tensor  with q8_0_4x8
repack: repack tensor  with q8_0_4x8
repack: repack tensor  with q8_0_4x8
repack: repack tensor  with q8_0_4x8
repack: repack tensor  with q8_0_4x8
repack: repack tensor  with q8_0_4x8
repack: repack tensor  with q8_0_4x8
repack: repack tensor  with q8_0_4x8
repack: repack tensor  with q8_0_4x8
repack: repack tensor  with q8_0_4x8
repack: repack tensor  with q8_0_4x8
repack: repack tensor  with q8_0_4x8
repack: repack tensor  with q8_0_4x8
whisper_model_load: model size    =  263.87 MB
whisper_backend_init_gpu: no GPU found
whisper_init_state: kv self size  =   18.87 MB
whisper_init_state: kv cross size =   56.62 MB
whisper_init_state: kv pad  size  =    4.72 MB
whisper_init_state: compute buffer (conv)   =   22.42 MB
whisper_init_state: compute buffer (encode) =   33.85 MB
whisper_init_state: compute buffer (cross)  =    6.20 MB
whisper_init_state: compute buffer (decode) =   97.28 MB
read_audio_data: reading audio data from 'jfk9.wav' ...
read_audio_data: trying to decode with miniaudio

system_info: n_threads = 4 / 8 | WHISPER : COREML = 0 | OPENVINO = 0 | CPU : NEON = 1 | ARM_FMA = 1 | FP16_VA = 1 | MATMUL_INT8 = 1 | DOTPROD = 1 | REPACK = 1 | 

main: processing 'jfk9.wav' (1584000 samples, 99.0 sec), 4 threads, 1 processors, 5 beams + best of 5, lang = en, task = transcribe, timestamps = 1 ...


[00:00:00.000 --> 00:00:08.000]   And so, my fellow Americans, ask not what your country can do for you.
[00:00:08.000 --> 00:00:11.000]   Ask what you can do for your country.
[00:00:11.000 --> 00:00:19.000]   And so, my fellow Americans, ask not what your country can do for you.
[00:00:19.000 --> 00:00:22.000]   Ask what you can do for your country.
[00:00:22.000 --> 00:00:30.000]   And so, my fellow Americans, ask not what your country can do for you.
[00:00:30.000 --> 00:00:33.000]   Ask what you can do for your country.
[00:00:33.000 --> 00:00:41.000]   And so, my fellow Americans, ask not what your country can do for you.
[00:00:41.000 --> 00:00:44.000]   Ask what you can do for your country.
[00:00:44.000 --> 00:00:52.000]   And so, my fellow Americans, ask not what your country can do for you.
[00:00:52.000 --> 00:00:55.000]   Ask what you can do for your country.
[00:00:55.000 --> 00:01:03.000]   And so, my fellow Americans, ask not what your country can do for you.
[00:01:03.000 --> 00:01:06.000]   Ask what you can do for your country.
[00:01:06.000 --> 00:01:14.000]   And so, my fellow Americans, ask not what your country can do for you.
[00:01:14.000 --> 00:01:17.000]   Ask what you can do for your country.
[00:01:17.000 --> 00:01:25.000]   And so, my fellow Americans, ask not what your country can do for you.
[00:01:25.000 --> 00:01:28.000]   Ask what you can do for your country.
[00:01:28.000 --> 00:01:36.000]   And so, my fellow Americans, ask not what your country can do for you.
[00:01:36.000 --> 00:01:39.000]   Ask what you can do for your country.

whisper_print_timings:     load time =   369.07 ms
whisper_print_timings:     fallbacks =   0 p /   0 h
whisper_print_timings:      mel time =   122.97 ms
whisper_print_timings:   sample time =   911.54 ms /  1263 runs (     0.72 ms per run)
whisper_print_timings:   encode time = 16149.59 ms /     5 runs (  3229.92 ms per run)
whisper_print_timings:   decode time =   816.97 ms /    75 runs (    10.89 ms per run)
whisper_print_timings:   batchd time =  6808.19 ms /  1166 runs (     5.84 ms per run)
whisper_print_timings:   prompt time =  2411.69 ms /   605 runs (     3.99 ms per run)
whisper_print_timings:    total time = 27846.51 ms
